Microchip MPLAB XC8 Compiler V2.10 ()

Linker command line:

-W-3 --edf=M:\Program Files (x86)\Microchip\xc8\v2.10\pic\dat\en_msgs.txt \
  -pivt0x8=08h -cs -h+dist/default/production\I2C_Master.X.production.sym \
  --cmf=dist/default/production\I2C_Master.X.production.cmf -z -Q18F26K83 \
  -oC:\Users\dfoeh\AppData\Local\Temp\soo.2 --defsym=__MPLAB_BUILD=1 \
  -Mdist/default/production/I2C_Master.X.production.map -E1 -ver=XC8 \
  --acfsm=1493 -ASTACK=060h-0FFFh -pstack=STACK -ACODE=00h-0FFFFh \
  -ACONST=00h-0FFFFh -ASMALLCONST=01000h-010FFhx240 \
  -AMEDIUMCONST=01000h-0FFFFh -ACOMRAM=01h-05Fh -AABS1=00h-0FFFh \
  -ABIGRAM=01h-0FFFh -ARAM=060h-0FFh,0100h-01FFhx15 -ABANK0=060h-0FFh \
  -ABANK1=0100h-01FFh -ABANK2=0200h-02FFh -ABANK3=0300h-03FFh \
  -ABANK4=0400h-04FFh -ABANK5=0500h-05FFh -ABANK6=0600h-06FFh \
  -ABANK7=0700h-07FFh -ABANK8=0800h-08FFh -ABANK9=0900h-09FFh \
  -ABANK10=0A00h-0AFFh -ABANK11=0B00h-0BFFh -ABANK12=0C00h-0CFFh \
  -ABANK13=0D00h-0DFFh -ABANK14=0E00h-0EFFh -ABANK15=0F00h-0FFFh \
  -ASFR=03700h-037FFhx8,03F00h-03F5Fh,03F60h-03FFFh -preset_vec=00h \
  -ppowerup=CODE,init -pramtop=01000h -psmallconst=SMALLCONST \
  -pmediumconst=MEDIUMCONST -pconst=CONST -AFARRAM=00h-00h \
  -ACONFIG=0300000h-0300009h -pconfig=CONFIG -AIDLOC=0200000h-020000Fh \
  -pidloc=IDLOC -AEEDATA=0310000h-03103FFh -peeprom_data=EEDATA \
  -prdata=COMRAM,nvrram=COMRAM,nvbit=COMRAM,rbss=COMRAM,rbit=COMRAM \
  -pfarbss=FARRAM,fardata=FARRAM,nvFARRAM=FARRAM \
  -pintsave_regs=BIGRAM,bigbss=BIGRAM,bigdata=BIGRAM -pbss=RAM \
  -pidata=CODE,irdata=CODE,ibigdata=CODE,ifardata=CODE -prparam=COMRAM \
  C:\Users\dfoeh\AppData\Local\Temp\soo.o \
  dist/default/production\I2C_Master.X.production.o 

Object code version is 3.11

Machine type is 18F26K83

Call graph: (short form)




                Name                               Link     Load   Length Selector   Space Scale
C:\Users\dfoeh\AppData\Local\Temp\soo.o
                init                                 1A       1A        4        4       0
                reset_vec                             0        0        4        0       0
                idloc                            200000   200000       10   200000       0
                config                           300000   300000        A   300000       0
dist/default/production\I2C_Master.X.production.o
                ivt0x8                                8        8       12        4       0
                text9                                1E       1E      31C        4       0
                text8                               33A      33A       D0        4       0
                text7                               60C      60C       92        4       0
                text6                               6D6      6D6       34        4       0
                text5                               70A      70A       1A        4       0
                text4                               578      578       94        4       0
                text3                               69E      69E       38        4       0
                text2                               40A      40A       B8        4       0
                text1                               4C2      4C2       B6        4       0
                text0                               73A      73A        C        4       0
                cstackCOMRAM                          1        1       15        1       1
                cinit                               724      724       16        4       0
                nvCOMRAM                             16       16        2        1       1

TOTAL           Name                               Link     Load   Length     Space
        CLASS   STACK          

        CLASS   CODE           
                init                                 1A       1A        4         0
                reset_vec                             0        0        4         0
                ivt0x8                                8        8       12         0
                text9                                1E       1E      31C         0
                text8                               33A      33A       D0         0
                text7                               60C      60C       92         0
                text6                               6D6      6D6       34         0
                text5                               70A      70A       1A         0
                text4                               578      578       94         0
                text3                               69E      69E       38         0
                text2                               40A      40A       B8         0
                text1                               4C2      4C2       B6         0
                text0                               73A      73A        C         0
                cinit                               724      724       16         0

        CLASS   CONST          

        CLASS   SMALLCONST     

        CLASS   MEDIUMCONST    

        CLASS   COMRAM         
                cstackCOMRAM                          1        1       15         1
                nvCOMRAM                             16       16        2         1

        CLASS   ABS1           

        CLASS   BIGRAM         

        CLASS   RAM            

        CLASS   BANK0          

        CLASS   BANK1          

        CLASS   BANK2          

        CLASS   BANK3          

        CLASS   BANK4          

        CLASS   BANK5          

        CLASS   BANK6          

        CLASS   BANK7          

        CLASS   BANK8          

        CLASS   BANK9          

        CLASS   BANK10         

        CLASS   BANK11         

        CLASS   BANK12         

        CLASS   BANK13         

        CLASS   BANK14         

        CLASS   BANK15         

        CLASS   SFR            

        CLASS   FARRAM         

        CLASS   CONFIG         
                config                           300000   300000        A         0

        CLASS   IDLOC          
                idloc                            200000   200000       10         0

        CLASS   EEDATA         



SEGMENTS        Name                           Load    Length   Top    Selector   Space  Class

                reset_vec                      000000  000004  000004         0       0  CODE    
                cstackCOMRAM                   000001  000017  000018         1       1  COMRAM  
                ivt0x8                         000008  00073E  000746         4       0  CODE    
                idloc                          200000  000010  200010    200000       0  IDLOC   
                config                         300000  00000A  30000A    300000       0  CONFIG  


UNUSED ADDRESS RANGES

        Name                Unused          Largest block    Delta
        BANK0            000060-0000FF               A0
        BANK1            000100-0001FF              100
        BANK10           000A00-000AFF              100
        BANK11           000B00-000BFF              100
        BANK12           000C00-000CFF              100
        BANK13           000D00-000DFF              100
        BANK14           000E00-000EFF              100
        BANK15           000F00-000FFF              100
        BANK2            000200-0002FF              100
        BANK3            000300-0003FF              100
        BANK4            000400-0004FF              100
        BANK5            000500-0005FF              100
        BANK6            000600-0006FF              100
        BANK7            000700-0007FF              100
        BANK8            000800-0008FF              100
        BANK9            000900-0009FF              100
        BIGRAM           000018-000FFF              FE8
        CODE             000004-000007                4
                         000746-00FFFF             F8BA
        COMRAM           000018-00005F               48
        CONST            000004-000007                4
                         000746-00FFFF             F8BA
        EEDATA           310000-3103FF              400
        MEDIUMCONST      001000-00FFFF             F000
        RAM              000060-000FFF              100
        SFR              003700-003FFF              100
        SMALLCONST       001000-00FFFF              100
        STACK            000060-000FFF              FA0

                                  Symbol Table

HandleCommand@data          cstackCOMRAM 000006
HandleCommand@i             cstackCOMRAM 00000C
I2CScan@data                cstackCOMRAM 00000A
I2CScan@data_643            cstackCOMRAM 00000C
I2CScan@i                   cstackCOMRAM 00000E
I2CScan@j                   cstackCOMRAM 000008
IVTBASEH                    (abs)        003FD6
IVTBASEL                    (abs)        003FD5
IVTBASEU                    (abs)        003FD7
InitializeCan@CanAddrHigh   cstackCOMRAM 000013
InitializeCan@CanAddrLow    cstackCOMRAM 000011
SendCanFrame@data           cstackCOMRAM 000001
SendCanFrame@length         cstackCOMRAM 000003
SendCanFrameS@data          cstackCOMRAM 000006
SendCanFrameS@dataA         cstackCOMRAM 000007
_ANSELA                     (abs)        003A40
_ANSELB                     (abs)        003A50
_ANSELC                     (abs)        003A60
_BRGCON1                    (abs)        003703
_BRGCON2                    (abs)        003704
_BRGCON3                    (abs)        003705
_CANADRH                    nvCOMRAM     000017
_CANADRL                    nvCOMRAM     000016
_CANCON                     (abs)        003F8F
_CANRXPPS                   (abs)        003AED
_CANSTAT                    (abs)        003F8E
_CIOCON                     (abs)        003700
_ECANCON                    (abs)        003F91
_ERRIF                      (abs)        01CD2D
_GIE                        (abs)        01FE97
_HandleCommand              text8        00033A
_HandleRequest              text6        0006D6
_I2C1ADB1                   (abs)        003D6E
_I2C1CLK                    (abs)        003D7B
_I2C1CNT                    (abs)        003D6C
_I2C1CON0                   (abs)        003D73
_I2C1CON0bits               (abs)        003D73
_I2C1CON1                   (abs)        003D74
_I2C1CON1bits               (abs)        003D74
_I2C1CON2                   (abs)        003D75
_I2C1EIE                    (abs)        01CC9A
_I2C1IE                     (abs)        01CC99
_I2C1RXB                    (abs)        003D6A
_I2C1SCLPPS                 (abs)        003AE3
_I2C1SDAPPS                 (abs)        003AE4
_I2C1STAT1bits              (abs)        003D78
_I2C1TXB                    (abs)        003D6B
_I2C1TXIE                   (abs)        01CC98
_I2CScan                    text7        00060C
_INLVLA                     (abs)        003A44
_INLVLB                     (abs)        003A54
_INLVLC                     (abs)        003A64
_INLVLE                     (abs)        003A84
_INTCON0bits                (abs)        003FD2
_IRQ                        text3        00069E
_InitializeCan              text2        00040A
_LATA                       (abs)        003FBA
_LATB                       (abs)        003FBB
_LATC                       (abs)        003FBC
_ODCONA                     (abs)        003A42
_ODCONB                     (abs)        003A52
_ODCONC                     (abs)        003A62
_OSCCON1                    (abs)        0039D9
_OSCFRQ                     (abs)        0039DF
_PIE5bits                   (abs)        003995
_PIR5bits                   (abs)        0039A5
_PORTA                      (abs)        003FCA
_ProcessCanMessage          text4        000578
_RB2PPS                     (abs)        003A0A
_RC3I2C                     (abs)        003A6A
_RC3PPS                     (abs)        003A13
_RC4I2C                     (abs)        003A6B
_RC4PPS                     (abs)        003A14
_RXB0CONbits                (abs)        003F80
_RXB0D0                     (abs)        003F86
_RXB0DLCbits                (abs)        003F85
_RXB0IF                     (abs)        01CD28
_RXB1CONbits                (abs)        0037F0
_RXB1D0                     (abs)        0037F6
_RXB1D1                     (abs)        0037F7
_RXB1D2                     (abs)        0037F8
_RXB1DLCbits                (abs)        0037F5
_RXB1IF                     (abs)        01CD29
_RXF0SIDH                   (abs)        0037A0
_RXF0SIDL                   (abs)        0037A1
_RXF1SIDH                   (abs)        0037A4
_RXF1SIDL                   (abs)        0037A5
_RXF2SIDH                   (abs)        0037A8
_RXF2SIDL                   (abs)        0037A9
_RXF3SIDH                   (abs)        0037AC
_RXF3SIDL                   (abs)        0037AD
_RXF4SIDH                   (abs)        0037B0
_RXF4SIDL                   (abs)        0037B1
_RXF5SIDH                   (abs)        0037B4
_RXF5SIDL                   (abs)        0037B5
_RXM0SIDH                   (abs)        0037B8
_RXM0SIDL                   (abs)        0037B9
_RXM1SIDH                   (abs)        0037BC
_RXM1SIDL                   (abs)        0037BD
_SLRCONA                    (abs)        003A43
_SLRCONB                    (abs)        003A53
_SLRCONC                    (abs)        003A63
_SendCanFrame               text9        00001E
_SendCanFrameS              text5        00070A
_TRISA                      (abs)        003FC2
_TRISB                      (abs)        003FC3
_TRISC                      (abs)        003FC4
_TXB0CONbits                (abs)        0037E0
_TXB0D0                     (abs)        0037E6
_TXB0D1                     (abs)        0037E7
_TXB0D2                     (abs)        0037E8
_TXB0D3                     (abs)        0037E9
_TXB0D4                     (abs)        0037EA
_TXB0D5                     (abs)        0037EB
_TXB0D6                     (abs)        0037EC
_TXB0D7                     (abs)        0037ED
_TXB0DLC                    (abs)        0037E5
_TXB0SIDH                   (abs)        0037E1
_TXB0SIDL                   (abs)        0037E2
_TXB1CONbits                (abs)        0037D0
_TXB1D0                     (abs)        0037D6
_TXB1D1                     (abs)        0037D7
_TXB1D2                     (abs)        0037D8
_TXB1D3                     (abs)        0037D9
_TXB1D4                     (abs)        0037DA
_TXB1D5                     (abs)        0037DB
_TXB1D6                     (abs)        0037DC
_TXB1D7                     (abs)        0037DD
_TXB1DLC                    (abs)        0037D5
_TXB1SIDH                   (abs)        0037D1
_TXB1SIDL                   (abs)        0037D2
_TXB2CONbits                (abs)        0037C0
_TXB2D0                     (abs)        0037C6
_TXB2D1                     (abs)        0037C7
_TXB2D2                     (abs)        0037C8
_TXB2D3                     (abs)        0037C9
_TXB2D4                     (abs)        0037CA
_TXB2D5                     (abs)        0037CB
_TXB2D6                     (abs)        0037CC
_TXB2D7                     (abs)        0037CD
_TXB2DLC                    (abs)        0037C5
_TXB2SIDH                   (abs)        0037C1
_TXB2SIDL                   (abs)        0037C2
_WPUA                       (abs)        003A41
_WPUB                       (abs)        003A51
_WPUC                       (abs)        003A61
_WPUE                       (abs)        003A81
__CFG_BBEN$OFF              (abs)        000000
__CFG_BBSIZE$BBSIZE_512     (abs)        000000
__CFG_BOREN$SBORDIS         (abs)        000000
__CFG_BORV$VBOR_2P45        (abs)        000000
__CFG_CLKOUTEN$OFF          (abs)        000000
__CFG_CP$OFF                (abs)        000000
__CFG_CSWEN$ON              (abs)        000000
__CFG_DEBUG$OFF             (abs)        000000
__CFG_FCMEN$ON              (abs)        000000
__CFG_FEXTOSC$OFF           (abs)        000000
__CFG_IVT1WAY$ON            (abs)        000000
__CFG_LPBOREN$OFF           (abs)        000000
__CFG_LVP$ON                (abs)        000000
__CFG_MCLRE$EXTMCLR         (abs)        000000
__CFG_MVECEN$OFF            (abs)        000000
__CFG_PPS1WAY$ON            (abs)        000000
__CFG_PR1WAY$ON             (abs)        000000
__CFG_PWRTS$PWRT_OFF        (abs)        000000
__CFG_RSTOSC$HFINTOSC_1MHZ  (abs)        000000
__CFG_SAFEN$OFF             (abs)        000000
__CFG_STVREN$ON             (abs)        000000
__CFG_WDTCCS$SC             (abs)        000000
__CFG_WDTCPS$WDTCPS_31      (abs)        000000
__CFG_WDTCWS$WDTCWS_7       (abs)        000000
__CFG_WDTE$OFF              (abs)        000000
__CFG_WRTAPP$OFF            (abs)        000000
__CFG_WRTB$OFF              (abs)        000000
__CFG_WRTC$OFF              (abs)        000000
__CFG_WRTD$OFF              (abs)        000000
__CFG_WRTSAF$OFF            (abs)        000000
__CFG_XINST$OFF             (abs)        000000
__CFG_ZCD$OFF               (abs)        000000
__HRAM                      (abs)        000000
__Habs1                     abs1         000000
__Hbank0                    bank0        000000
__Hbank1                    bank1        000000
__Hbank10                   bank10       000000
__Hbank11                   bank11       000000
__Hbank12                   bank12       000000
__Hbank13                   bank13       000000
__Hbank14                   bank14       000000
__Hbank15                   bank15       000000
__Hbank2                    bank2        000000
__Hbank3                    bank3        000000
__Hbank4                    bank4        000000
__Hbank5                    bank5        000000
__Hbank6                    bank6        000000
__Hbank7                    bank7        000000
__Hbank8                    bank8        000000
__Hbank9                    bank9        000000
__Hbigbss                   bigbss       000000
__Hbigdata                  bigdata      000000
__Hbigram                   bigram       000000
__Hbss                      bss          000000
__Hcinit                    cinit        000000
__Hclrtext                  clrtext      000000
__Hcomram                   comram       000000
__Hconfig                   config       30000A
__Hconst                    const        000000
__HcstackCOMRAM             cstackCOMRAM 000000
__Hdata                     data         000000
__Heeprom_data              eeprom_data  000000
__Hfarbss                   farbss       000000
__Hfardata                  fardata      000000
__Hibigdata                 ibigdata     000000
__Hidata                    idata        000000
__Hidloc                    idloc        200010
__Hifardata                 ifardata     000000
__Hinit                     init         00001E
__Hintsave_regs             intsave_regs 000000
__Hirdata                   irdata       000000
__Hivt0x8                   ivt0x8       00001A
__Hmediumconst              mediumconst  000000
__HnvCOMRAM                 nvCOMRAM     000000
__HnvFARRAM                 nvFARRAM     000000
__Hnvbit                    nvbit        000000
__Hnvrram                   nvrram       000000
__Hparam                    rparam       000000
__Hpowerup                  powerup      000000
__Hram                      ram          000000
__Hramtop                   ramtop       001000
__Hrbit                     rbit         000000
__Hrbss                     rbss         000000
__Hrdata                    rdata        000000
__Hreset_vec                reset_vec    000004
__Hrparam                   rparam       000000
__Hsfr                      sfr          000000
__Hsmallconst               smallconst   000000
__Hspace_0                  (abs)        30000A
__Hspace_1                  (abs)        000018
__Hspace_2                  (abs)        000000
__Hstack                    stack        000000
__Hstruct                   struct       000000
__Htemp                     temp         000000
__Htext                     text         000000
__Htext0                    text0        000000
__Htext1                    text1        000000
__Htext2                    text2        000000
__Htext3                    text3        000000
__Htext4                    text4        000000
__Htext5                    text5        000000
__Htext6                    text6        000000
__Htext7                    text7        000000
__Htext8                    text8        000000
__Htext9                    text9        000000
__LRAM                      (abs)        000001
__Labs1                     abs1         000000
__Lbank0                    bank0        000000
__Lbank1                    bank1        000000
__Lbank10                   bank10       000000
__Lbank11                   bank11       000000
__Lbank12                   bank12       000000
__Lbank13                   bank13       000000
__Lbank14                   bank14       000000
__Lbank15                   bank15       000000
__Lbank2                    bank2        000000
__Lbank3                    bank3        000000
__Lbank4                    bank4        000000
__Lbank5                    bank5        000000
__Lbank6                    bank6        000000
__Lbank7                    bank7        000000
__Lbank8                    bank8        000000
__Lbank9                    bank9        000000
__Lbigbss                   bigbss       000000
__Lbigdata                  bigdata      000000
__Lbigram                   bigram       000000
__Lbss                      bss          000000
__Lcinit                    cinit        000000
__Lclrtext                  clrtext      000000
__Lcomram                   comram       000000
__Lconfig                   config       300000
__Lconst                    const        000000
__LcstackCOMRAM             cstackCOMRAM 000000
__Ldata                     data         000000
__Leeprom_data              eeprom_data  000000
__Lfarbss                   farbss       000000
__Lfardata                  fardata      000000
__Libigdata                 ibigdata     000000
__Lidata                    idata        000000
__Lidloc                    idloc        200000
__Lifardata                 ifardata     000000
__Linit                     init         00001A
__Lintsave_regs             intsave_regs 000000
__Lirdata                   irdata       000000
__Livt0x8                   ivt0x8       000008
__Lmediumconst              mediumconst  000000
__LnvCOMRAM                 nvCOMRAM     000000
__LnvFARRAM                 nvFARRAM     000000
__Lnvbit                    nvbit        000000
__Lnvrram                   nvrram       000000
__Lparam                    rparam       000000
__Lpowerup                  powerup      000000
__Lram                      ram          000000
__Lramtop                   ramtop       001000
__Lrbit                     rbit         000000
__Lrbss                     rbss         000000
__Lrdata                    rdata        000000
__Lreset_vec                reset_vec    000000
__Lrparam                   rparam       000000
__Lsfr                      sfr          000000
__Lsmallconst               smallconst   000000
__Lspace_0                  (abs)        000000
__Lspace_1                  (abs)        000000
__Lspace_2                  (abs)        000000
__Lstack                    stack        000000
__Lstruct                   struct       000000
__Ltemp                     temp         000000
__Ltext                     text         000000
__Ltext0                    text0        000000
__Ltext1                    text1        000000
__Ltext2                    text2        000000
__Ltext3                    text3        000000
__Ltext4                    text4        000000
__Ltext5                    text5        000000
__Ltext6                    text6        000000
__Ltext7                    text7        000000
__Ltext8                    text8        000000
__Ltext9                    text9        000000
__S0                        (abs)        30000A
__S1                        (abs)        000018
__S2                        (abs)        000000
___inthi_sp                 stack        000000
___intlo_sp                 stack        000000
___param_bank               (abs)        000000
___rparam_used              (abs)        000001
___sp                       stack        000000
__accesstop                 (abs)        000060
__activetblptr              (abs)        000002
__end_of_HandleCommand      text8        00040A
__end_of_HandleRequest      text6        00070A
__end_of_I2CScan            text7        00069E
__end_of_IRQ                text3        0006D6
__end_of_InitializeCan      text2        0004C2
__end_of_ProcessCanMessage  text4        00060C
__end_of_SendCanFrame       text9        00033A
__end_of_SendCanFrameS      text5        000724
__end_of__initialization    cinit        000730
__end_of_initialize         text1        000578
__end_of_main               text0        000746
__initialization            cinit        000724
__mediumconst               mediumconst  000000
__pcinit                    cinit        000724
__pcstackCOMRAM             cstackCOMRAM 000001
__pivt0x8                   ivt0x8       000008
__pnvCOMRAM                 nvCOMRAM     000016
__ptext0                    text0        00073A
__ptext1                    text1        0004C2
__ptext2                    text2        00040A
__ptext3                    text3        00069E
__ptext4                    text4        000578
__ptext5                    text5        00070A
__ptext6                    text6        0006D6
__ptext7                    text7        00060C
__ptext8                    text8        00033A
__ptext9                    text9        00001E
__ramtop                    ramtop       001000
__size_of_HandleCommand     (abs)        000000
__size_of_HandleRequest     (abs)        000000
__size_of_I2CScan           (abs)        000000
__size_of_IRQ               (abs)        000000
__size_of_InitializeCan     (abs)        000000
__size_of_ProcessCanMessage (abs)        000000
__size_of_SendCanFrame      (abs)        000000
__size_of_SendCanFrameS     (abs)        000000
__size_of_initialize        (abs)        000000
__size_of_main              (abs)        000000
__smallconst                smallconst   000000
_initialize                 text1        0004C2
_main                       text0        00073A
end_of_initialization       cinit        000730
initialize@canAddrH         cstackCOMRAM 000014
initialize@canAddrL         cstackCOMRAM 000015
intlevel0                   text         000000
intlevel1                   text         000000
intlevel2                   text         000000
intlevel3                   text         000000
ivt0x8_base                 ivt0x8       000008
stackhi                     (abs)        000FFF
stacklo                     (abs)        000060
start                       init         00001A
start_initialization        cinit        000724


FUNCTION INFORMATION:

 *************** function _main *****************
 Defined at:
		line 180 in file "main.c"
 Parameters:    Size  Location     Type
		None
 Auto vars:     Size  Location     Type
		None
 Return value:  Size  Location     Type
                  1    wreg      void 
 Registers used:
		wreg, status,2, status,0, cstack
 Tracked objects:
		On entry : 
		On exit  : 
		Unchanged: 
 Data sizes:     COMRAM   BANK0   BANK1   BANK2   BANK3   BANK4   BANK5   BANK6   BANK7   BANK8   BANK9  BANK10  BANK11  BANK12  BANK13  BANK14  BANK15
      Params:         0       0       0       0       0       0       0       0       0       0       0       0       0       0       0       0       0
      Locals:         0       0       0       0       0       0       0       0       0       0       0       0       0       0       0       0       0
      Temps:          0       0       0       0       0       0       0       0       0       0       0       0       0       0       0       0       0
      Totals:         0       0       0       0       0       0       0       0       0       0       0       0       0       0       0       0       0
Total ram usage:        0 bytes
 Hardware stack levels required when called:    7
 This function calls:
		_initialize
 This function is called by:
		Startup code after reset
 This function uses a non-reentrant model


 *************** function _initialize *****************
 Defined at:
		line 89 in file "main.c"
 Parameters:    Size  Location     Type
		None
 Auto vars:     Size  Location     Type
  canAddrL        1   20[COMRAM] unsigned char 
  canAddrH        1   19[COMRAM] unsigned char 
 Return value:  Size  Location     Type
                  1    wreg      void 
 Registers used:
		wreg, status,2, status,0, cstack
 Tracked objects:
		On entry : 
		On exit  : 
		Unchanged: 
 Data sizes:     COMRAM   BANK0   BANK1   BANK2   BANK3   BANK4   BANK5   BANK6   BANK7   BANK8   BANK9  BANK10  BANK11  BANK12  BANK13  BANK14  BANK15
      Params:         0       0       0       0       0       0       0       0       0       0       0       0       0       0       0       0       0
      Locals:         2       0       0       0       0       0       0       0       0       0       0       0       0       0       0       0       0
      Temps:          0       0       0       0       0       0       0       0       0       0       0       0       0       0       0       0       0
      Totals:         2       0       0       0       0       0       0       0       0       0       0       0       0       0       0       0       0
Total ram usage:        2 bytes
 Hardware stack levels used:    1
 Hardware stack levels required when called:    6
 This function calls:
		_InitializeCan
 This function is called by:
		_main
 This function uses a non-reentrant model


 *************** function _InitializeCan *****************
 Defined at:
		line 67 in file "CanModule.c"
 Parameters:    Size  Location     Type
  CanAddrHigh     1    wreg     unsigned char 
  CanAddrLow      1   16[COMRAM] unsigned char 
 Auto vars:     Size  Location     Type
  CanAddrHigh     1   18[COMRAM] unsigned char 
 Return value:  Size  Location     Type
                  1    wreg      void 
 Registers used:
		wreg, status,2, status,0
 Tracked objects:
		On entry : 
		On exit  : 
		Unchanged: 
 Data sizes:     COMRAM   BANK0   BANK1   BANK2   BANK3   BANK4   BANK5   BANK6   BANK7   BANK8   BANK9  BANK10  BANK11  BANK12  BANK13  BANK14  BANK15
      Params:         1       0       0       0       0       0       0       0       0       0       0       0       0       0       0       0       0
      Locals:         1       0       0       0       0       0       0       0       0       0       0       0       0       0       0       0       0
      Temps:          1       0       0       0       0       0       0       0       0       0       0       0       0       0       0       0       0
      Totals:         3       0       0       0       0       0       0       0       0       0       0       0       0       0       0       0       0
Total ram usage:        3 bytes
 Hardware stack levels used:    1
 Hardware stack levels required when called:    5
 This function calls:
		Nothing
 This function is called by:
		_initialize
 This function uses a non-reentrant model


 *************** function _IRQ *****************
 Defined at:
		line 189 in file "main.c"
 Parameters:    Size  Location     Type
		None
 Auto vars:     Size  Location     Type
		None
 Return value:  Size  Location     Type
                  1    wreg      void 
 Registers used:
		wreg, fsr2l, fsr2h, status,2, status,0, cstack
 Tracked objects:
		On entry : 
		On exit  : 
		Unchanged: 
 Data sizes:     COMRAM   BANK0   BANK1   BANK2   BANK3   BANK4   BANK5   BANK6   BANK7   BANK8   BANK9  BANK10  BANK11  BANK12  BANK13  BANK14  BANK15
      Params:         0       0       0       0       0       0       0       0       0       0       0       0       0       0       0       0       0
      Locals:         0       0       0       0       0       0       0       0       0       0       0       0       0       0       0       0       0
      Temps:          0       0       0       0       0       0       0       0       0       0       0       0       0       0       0       0       0
      Totals:         0       0       0       0       0       0       0       0       0       0       0       0       0       0       0       0       0
Total ram usage:        0 bytes
 Hardware stack levels used:    1
 Hardware stack levels required when called:    4
 This function calls:
		_ProcessCanMessage
 This function is called by:
		Interrupt level 2
 This function uses a non-reentrant model


 *************** function _ProcessCanMessage *****************
 Defined at:
		line 112 in file "CanModule.c"
 Parameters:    Size  Location     Type
		None
 Auto vars:     Size  Location     Type
		None
 Return value:  Size  Location     Type
                  1    wreg      void 
 Registers used:
		wreg, fsr2l, fsr2h, status,2, status,0, cstack
 Tracked objects:
		On entry : 
		On exit  : 
		Unchanged: 
 Data sizes:     COMRAM   BANK0   BANK1   BANK2   BANK3   BANK4   BANK5   BANK6   BANK7   BANK8   BANK9  BANK10  BANK11  BANK12  BANK13  BANK14  BANK15
      Params:         0       0       0       0       0       0       0       0       0       0       0       0       0       0       0       0       0
      Locals:         0       0       0       0       0       0       0       0       0       0       0       0       0       0       0       0       0
      Temps:          0       0       0       0       0       0       0       0       0       0       0       0       0       0       0       0       0
      Totals:         0       0       0       0       0       0       0       0       0       0       0       0       0       0       0       0       0
Total ram usage:        0 bytes
 Hardware stack levels used:    1
 Hardware stack levels required when called:    3
 This function calls:
		_HandleCommand
		_HandleRequest
		_SendCanFrameS
 This function is called by:
		_IRQ
 This function uses a non-reentrant model


 *************** function _SendCanFrameS *****************
 Defined at:
		line 136 in file "CanModule.c"
 Parameters:    Size  Location     Type
  data            1    wreg     unsigned char 
 Auto vars:     Size  Location     Type
  data            1    5[COMRAM] unsigned char 
  dataA           1    6[COMRAM] unsigned char [1]
 Return value:  Size  Location     Type
                  1    wreg      void 
 Registers used:
		wreg, fsr2l, fsr2h, status,2, status,0, cstack
 Tracked objects:
		On entry : 
		On exit  : 
		Unchanged: 
 Data sizes:     COMRAM   BANK0   BANK1   BANK2   BANK3   BANK4   BANK5   BANK6   BANK7   BANK8   BANK9  BANK10  BANK11  BANK12  BANK13  BANK14  BANK15
      Params:         0       0       0       0       0       0       0       0       0       0       0       0       0       0       0       0       0
      Locals:         2       0       0       0       0       0       0       0       0       0       0       0       0       0       0       0       0
      Temps:          0       0       0       0       0       0       0       0       0       0       0       0       0       0       0       0       0
      Totals:         2       0       0       0       0       0       0       0       0       0       0       0       0       0       0       0       0
Total ram usage:        2 bytes
 Hardware stack levels used:    1
 Hardware stack levels required when called:    1
 This function calls:
		_SendCanFrame
 This function is called by:
		_ProcessCanMessage
 This function uses a non-reentrant model


 *************** function _HandleRequest *****************
 Defined at:
		line 35 in file "CanModule.c"
 Parameters:    Size  Location     Type
		None
 Auto vars:     Size  Location     Type
		None
 Return value:  Size  Location     Type
                  1    wreg      void 
 Registers used:
		wreg, fsr2l, fsr2h, status,2, status,0, cstack
 Tracked objects:
		On entry : 
		On exit  : 
		Unchanged: 
 Data sizes:     COMRAM   BANK0   BANK1   BANK2   BANK3   BANK4   BANK5   BANK6   BANK7   BANK8   BANK9  BANK10  BANK11  BANK12  BANK13  BANK14  BANK15
      Params:         0       0       0       0       0       0       0       0       0       0       0       0       0       0       0       0       0
      Locals:         0       0       0       0       0       0       0       0       0       0       0       0       0       0       0       0       0
      Temps:          2       0       0       0       0       0       0       0       0       0       0       0       0       0       0       0       0
      Totals:         2       0       0       0       0       0       0       0       0       0       0       0       0       0       0       0       0
Total ram usage:        2 bytes
 Hardware stack levels used:    1
 Hardware stack levels required when called:    2
 This function calls:
		_I2CScan
 This function is called by:
		_ProcessCanMessage
 This function uses a non-reentrant model


 *************** function _I2CScan *****************
 Defined at:
		line 15 in file "CanModule.c"
 Parameters:    Size  Location     Type
		None
 Auto vars:     Size  Location     Type
  data            2    9[COMRAM] unsigned char [2]
  j               2    7[COMRAM] int 
  i               1   13[COMRAM] unsigned char 
  data            2   11[COMRAM] unsigned char [2]
 Return value:  Size  Location     Type
                  1    wreg      void 
 Registers used:
		wreg, fsr2l, fsr2h, status,2, status,0, cstack
 Tracked objects:
		On entry : 
		On exit  : 
		Unchanged: 
 Data sizes:     COMRAM   BANK0   BANK1   BANK2   BANK3   BANK4   BANK5   BANK6   BANK7   BANK8   BANK9  BANK10  BANK11  BANK12  BANK13  BANK14  BANK15
      Params:         0       0       0       0       0       0       0       0       0       0       0       0       0       0       0       0       0
      Locals:         7       0       0       0       0       0       0       0       0       0       0       0       0       0       0       0       0
      Temps:          2       0       0       0       0       0       0       0       0       0       0       0       0       0       0       0       0
      Totals:         9       0       0       0       0       0       0       0       0       0       0       0       0       0       0       0       0
Total ram usage:        9 bytes
 Hardware stack levels used:    1
 Hardware stack levels required when called:    1
 This function calls:
		_SendCanFrame
 This function is called by:
		_HandleRequest
 This function uses a non-reentrant model


 *************** function _HandleCommand *****************
 Defined at:
		line 43 in file "CanModule.c"
 Parameters:    Size  Location     Type
		None
 Auto vars:     Size  Location     Type
  data            6    5[COMRAM] unsigned char [6]
  i               1   11[COMRAM] unsigned char 
 Return value:  Size  Location     Type
                  1    wreg      void 
 Registers used:
		wreg, fsr2l, fsr2h, status,2, status,0, cstack
 Tracked objects:
		On entry : 
		On exit  : 
		Unchanged: 
 Data sizes:     COMRAM   BANK0   BANK1   BANK2   BANK3   BANK4   BANK5   BANK6   BANK7   BANK8   BANK9  BANK10  BANK11  BANK12  BANK13  BANK14  BANK15
      Params:         0       0       0       0       0       0       0       0       0       0       0       0       0       0       0       0       0
      Locals:         7       0       0       0       0       0       0       0       0       0       0       0       0       0       0       0       0
      Temps:          0       0       0       0       0       0       0       0       0       0       0       0       0       0       0       0       0
      Totals:         7       0       0       0       0       0       0       0       0       0       0       0       0       0       0       0       0
Total ram usage:        7 bytes
 Hardware stack levels used:    1
 Hardware stack levels required when called:    1
 This function calls:
		_SendCanFrame
 This function is called by:
		_ProcessCanMessage
 This function uses a non-reentrant model


 *************** function _SendCanFrame *****************
 Defined at:
		line 142 in file "CanModule.c"
 Parameters:    Size  Location     Type
  data            2    0[COMRAM] PTR unsigned char 
		 -> SendCanFrameS@dataA(1), HandleCommand@data(6), I2CScan@data_643(2), I2CScan@data(2), 
  length          1    2[COMRAM] unsigned char 
 Auto vars:     Size  Location     Type
		None
 Return value:  Size  Location     Type
                  1    wreg      void 
 Registers used:
		wreg, fsr2l, fsr2h, status,2, status,0
 Tracked objects:
		On entry : 
		On exit  : 
		Unchanged: 
 Data sizes:     COMRAM   BANK0   BANK1   BANK2   BANK3   BANK4   BANK5   BANK6   BANK7   BANK8   BANK9  BANK10  BANK11  BANK12  BANK13  BANK14  BANK15
      Params:         3       0       0       0       0       0       0       0       0       0       0       0       0       0       0       0       0
      Locals:         0       0       0       0       0       0       0       0       0       0       0       0       0       0       0       0       0
      Temps:          2       0       0       0       0       0       0       0       0       0       0       0       0       0       0       0       0
      Totals:         5       0       0       0       0       0       0       0       0       0       0       0       0       0       0       0       0
Total ram usage:        5 bytes
 Hardware stack levels used:    1
 This function calls:
		Nothing
 This function is called by:
		_I2CScan
		_HandleCommand
		_SendCanFrameS
 This function uses a non-reentrant model



MODULE INFORMATION

Module		Function		Class		Link	Load	Size
CanModule.c
		_I2CScan       		CODE           	060C	0000	147
		_SendCanFrame  		CODE           	001E	0000	797
		_HandleRequest 		CODE           	06D6	0000	53
		_SendCanFrameS 		CODE           	070A	0000	27
		_InitializeCan 		CODE           	040A	0000	185
		_HandleCommand 		CODE           	033A	0000	209
		_ProcessCanMessage		CODE           	0578	0000	149

CanModule.c estimated size: 1567

shared
		__initialization		CODE           	0724	0000	13

shared estimated size: 13

main.c
		_IRQ           		CODE           	069E	0000	57
		_main          		CODE           	073A	0000	13
		_initialize    		CODE           	04C2	0000	183

main.c estimated size: 253

